16:04:39 **** Build of configuration Debug for project TheNextTest ****
make -r -j12 all 
Building file: ../src/TheNextTest.c
Building file: ../src/cr_startup_lpc175x_6x.c
Building file: ../src/crp.c
Building file: ../src/sysinit.c
Invoking: MCU C Compiler
Invoking: MCU C Compiler
arm-none-eabi-gcc -DDEBUG -D__CODE_RED -DCORE_M3 -D__USE_LPCOPEN -DNO_BOARD_LIB -D__LPC17XX__ -D__REDLIB__ -I"/home/jevgeni/climb_base/Climb-Obc-Hardwaretest/lpc_chip_175x_6x/inc" -O0 -fno-common -g3 -Wall -c -fmessage-length=0 -fno-builtin -ffunction-sections -fdata-sections -fmerge-constants -fmacro-prefix-map="../src/"=. -mcpu=cortex-m3 -mthumb -fstack-usage -specs=redlib.specs -MMD -MP -MF"src/TheNextTest.d" -MT"src/TheNextTest.o" -MT"src/TheNextTest.d" -o "src/TheNextTest.o" "../src/TheNextTest.c"
Invoking: MCU C Compiler
arm-none-eabi-gcc -DDEBUG -D__CODE_RED -DCORE_M3 -D__USE_LPCOPEN -DNO_BOARD_LIB -D__LPC17XX__ -D__REDLIB__ -I"/home/jevgeni/climb_base/Climb-Obc-Hardwaretest/lpc_chip_175x_6x/inc" -O0 -fno-common -g3 -Wall -c -fmessage-length=0 -fno-builtin -ffunction-sections -fdata-sections -fmerge-constants -fmacro-prefix-map="../src/"=. -mcpu=cortex-m3 -mthumb -fstack-usage -specs=redlib.specs -MMD -MP -MF"src/cr_startup_lpc175x_6x.d" -MT"src/cr_startup_lpc175x_6x.o" -MT"src/cr_startup_lpc175x_6x.d" -o "src/cr_startup_lpc175x_6x.o" "../src/cr_startup_lpc175x_6x.c"
arm-none-eabi-gcc -DDEBUG -D__CODE_RED -DCORE_M3 -D__USE_LPCOPEN -DNO_BOARD_LIB -D__LPC17XX__ -D__REDLIB__ -I"/home/jevgeni/climb_base/Climb-Obc-Hardwaretest/lpc_chip_175x_6x/inc" -O0 -fno-common -g3 -Wall -c -fmessage-length=0 -fno-builtin -ffunction-sections -fdata-sections -fmerge-constants -fmacro-prefix-map="../src/"=. -mcpu=cortex-m3 -mthumb -fstack-usage -specs=redlib.specs -MMD -MP -MF"src/crp.d" -MT"src/crp.o" -MT"src/crp.d" -o "src/crp.o" "../src/crp.c"
Invoking: MCU C Compiler
arm-none-eabi-gcc -DDEBUG -D__CODE_RED -DCORE_M3 -D__USE_LPCOPEN -DNO_BOARD_LIB -D__LPC17XX__ -D__REDLIB__ -I"/home/jevgeni/climb_base/Climb-Obc-Hardwaretest/lpc_chip_175x_6x/inc" -O0 -fno-common -g3 -Wall -c -fmessage-length=0 -fno-builtin -ffunction-sections -fdata-sections -fmerge-constants -fmacro-prefix-map="../src/"=. -mcpu=cortex-m3 -mthumb -fstack-usage -specs=redlib.specs -MMD -MP -MF"src/sysinit.d" -MT"src/sysinit.o" -MT"src/sysinit.d" -o "src/sysinit.o" "../src/sysinit.c"
Finished building: ../src/crp.c
 
Finished building: ../src/cr_startup_lpc175x_6x.c
 
Finished building: ../src/sysinit.c
Finished building: ../src/TheNextTest.c
 
 
Building target: TheNextTest.axf
Invoking: MCU Linker
arm-none-eabi-gcc -nostdlib -L"/home/jevgeni/climb_base/Climb-Obc-Hardwaretest/lpc_chip_175x_6x/Debug" -Xlinker -Map="TheNextTest.map" -Xlinker --cref -Xlinker --gc-sections -Xlinker -print-memory-usage -mcpu=cortex-m3 -mthumb -T "TheNextTest_Debug.ld" -o "TheNextTest.axf"  ./src/TheNextTest.o ./src/cr_startup_lpc175x_6x.o ./src/crp.o ./src/sysinit.o   -llpc_chip_175x_6x
Memory region         Used Size  Region Size  %age Used
       MFlash512:        1676 B       512 KB      0.32%
        RamLoc32:           8 B        32 KB      0.02%
        RamAHB32:          0 GB        32 KB      0.00%
Finished building target: TheNextTest.axf
 
make --no-print-directory post-build
Performing post-build steps
arm-none-eabi-size "TheNextTest.axf"; # arm-none-eabi-objcopy -v -O binary "TheNextTest.axf" "TheNextTest.bin" ; # checksum -p LPC1769 -d "TheNextTest.bin";
   text	   data	    bss	    dec	    hex	filename
   1676	      0	      8	   1684	    694	TheNextTest.axf
 

16:04:40 Build Finished. 0 errors, 0 warnings. (took 577ms)

